// Jest Snapshot v1, https://goo.gl/fbAQLP

exports[`ConversationAllergies renders correctly 1`] = `
<div
  className="allergies"
>
  <div
    className="cell"
    key="0"
  >
    <div
      className="cell__icon"
    >
      ICON
    </div>
    <p
      className="cell__label"
    >
      Allergy
    </p>
  </div>
  <div
    className="cell"
    key="1"
  >
    <div
      className="cell__icon"
    >
      ICON
    </div>
    <p
      className="cell__label"
    >
      Allergy
    </p>
  </div>
  <div
    className="cell"
    key="2"
  >
    <div
      className="cell__icon"
    >
      ICON
    </div>
    <p
      className="cell__label"
    >
      Allergy
    </p>
  </div>
  <div
    className="cell"
    key="3"
  >
    <div
      className="cell__icon"
    >
      ICON
    </div>
    <p
      className="cell__label"
    >
      Allergy
    </p>
  </div>
  <div
    className="cell"
    key="4"
  >
    <div
      className="cell__icon"
    >
      ICON
    </div>
    <p
      className="cell__label"
    >
      Allergy
    </p>
  </div>
  <div
    className="cell"
    key="5"
  >
    <div
      className="cell__icon"
    >
      ICON
    </div>
    <p
      className="cell__label"
    >
      Allergy
    </p>
  </div>
  <div
    className="cell"
    key="6"
  >
    <div
      className="cell__icon"
    >
      ICON
    </div>
    <p
      className="cell__label"
    >
      Allergy
    </p>
  </div>
  <div
    className="cell"
    key="7"
  >
    <div
      className="cell__icon"
    >
      ICON
    </div>
    <p
      className="cell__label"
    >
      Allergy
    </p>
  </div>
  <div
    className="cell"
    key="8"
  >
    <div
      className="cell__icon"
    >
      ICON
    </div>
    <p
      className="cell__label"
    >
      Allergy
    </p>
  </div>
  <div
    className="cell"
    key="9"
  >
    <div
      className="cell__icon"
    >
      ICON
    </div>
    <p
      className="cell__label"
    >
      Allergy
    </p>
  </div>
</div>
`;
