// Jest Snapshot v1, https://goo.gl/fbAQLP

exports[`CustomSelect renders correctly 1`] = `
<div
  className="custom-select"
/>
`;
